[INFO] [launch]: All log files can be found below /tmp/c3a-v6-ros-log-3/2026-08-28-11-25-04-931724-zkx-23
[INFO] [launch]: Default logging verbosity is set to INFO
[INFO] [robot_state_publisher-1]: process started with pid [29]
[INFO] [joint_state_publisher-2]: process started with pid [30]
[INFO] [move_group-3]: process started with pid [31]
[INFO] [c3a_sample_provenance-4]: process started with pid [32]
[INFO] [c3a_plan_probe-5]: process started with pid [33]
[robot_state_publisher-1] [INFO] [1787887505.189485571] [robot_state_publisher]: Robot initialized
[move_group-3] [WARN] [1787887505.211244464] [rcl.logging_rosout]: Publisher already registered for node name: 'move_group'. If this is due to multiple nodes with the same name then all logs for the logger named 'move_group' will go out over the existing publisher. As soon as any node with that name is destructed it will unregister the publisher, preventing any further logs for that name from being published on the rosout topic.
[move_group-3] [INFO] [1787887505.216338821] [move_group.move_group.moveit.ros.rdf_loader]: Loaded robot model in 0.00312327 seconds
[move_group-3] [INFO] [1787887505.216399425] [move_group.move_group.moveit.core.robot_model]: Loading robot model 'workbench_arm'...
[move_group-3] [INFO] [1787887505.216407713] [move_group.move_group.moveit.core.robot_model]: No root/virtual joint specified in SRDF. Assuming fixed joint
[move_group-3] [WARN] [1787887505.223479243] [move_group.move_group.moveit.core.robot_model]: Link camera_body has visual geometry but no collision geometry. Collision geometry will be left empty. Fix your URDF file by explicitly specifying collision geometry.
[move_group-3] [INFO] [1787887505.225424746] [trac_ik_kinematics_plugin.trac_ik_kinematics_plugin]: IK Using joint shoulder_link -6.28319 6.28319
[move_group-3] [INFO] [1787887505.225434693] [trac_ik_kinematics_plugin.trac_ik_kinematics_plugin]: IK Using joint upper_arm_link -6.28319 6.28319
[move_group-3] [INFO] [1787887505.225437276] [trac_ik_kinematics_plugin.trac_ik_kinematics_plugin]: IK Using joint forearm_link -3.14159 3.14159
[move_group-3] [INFO] [1787887505.225439798] [trac_ik_kinematics_plugin.trac_ik_kinematics_plugin]: IK Using joint wrist_1_link -6.28319 6.28319
[move_group-3] [INFO] [1787887505.225442009] [trac_ik_kinematics_plugin.trac_ik_kinematics_plugin]: IK Using joint wrist_2_link -6.28319 6.28319
[move_group-3] [INFO] [1787887505.225444043] [trac_ik_kinematics_plugin.trac_ik_kinematics_plugin]: IK Using joint wrist_3_link -6.28319 6.28319
[move_group-3] [INFO] [1787887505.225446208] [trac_ik_kinematics_plugin.trac_ik_kinematics_plugin]: Using solve type Distance
[move_group-3] [INFO] [1787887505.256644314] [move_group.move_group.moveit.ros.moveit_cpp]: Listening to 'joint_states' for joint states
[move_group-3] [INFO] [1787887505.257836275] [move_group.move_group.moveit.ros.current_state_monitor]: Listening to joint states on topic 'joint_states'
[move_group-3] [INFO] [1787887505.263310001] [move_group.move_group.moveit.ros.planning_scene_monitor]: Listening to '/attached_collision_object' for attached collision objects
[move_group-3] [INFO] [1787887505.264262918] [move_group.move_group.moveit.ros.planning_scene_monitor]: Publishing maintained planning scene on 'monitored_planning_scene'
[move_group-3] [INFO] [1787887505.264376389] [move_group.move_group.moveit.ros.planning_scene_monitor]: Starting planning scene monitor
[move_group-3] [INFO] [1787887505.264607801] [move_group.move_group.moveit.ros.planning_scene_monitor]: Listening to '/planning_scene'
[move_group-3] [INFO] [1787887505.264615716] [move_group.move_group.moveit.ros.planning_scene_monitor]: Starting world geometry update monitor for collision objects, attached objects, octomap updates.
[move_group-3] [INFO] [1787887505.265030799] [move_group.move_group.moveit.ros.planning_scene_monitor]: Listening to 'collision_object'
[move_group-3] [INFO] [1787887505.265213581] [move_group.move_group.moveit.ros.planning_scene_monitor]: Listening to 'planning_scene_world' for planning scene world geometry
[move_group-3] [WARN] [1787887505.265298300] [move_group.move_group.moveit.ros.occupancy_map_monitor]: Resolution not specified for Octomap. Assuming resolution = 0.1 instead
[move_group-3] [ERROR] [1787887505.265306063] [move_group.move_group.moveit.ros.occupancy_map_monitor]: No 3D sensor plugin(s) defined for octomap updates
[move_group-3] [INFO] [1787887505.276299864] [move_group.move_group.moveit.ros.planning_pipeline]: Successfully loaded planner 'OMPL'
[move_group-3] [INFO] [1787887505.276832880] [move_group]: Try loading adapter 'default_planning_request_adapters/ResolveConstraintFrames'
[move_group-3] [INFO] [1787887505.277485350] [move_group]: Loaded adapter 'default_planning_request_adapters/ResolveConstraintFrames'
[move_group-3] [INFO] [1787887505.277492120] [move_group]: Try loading adapter 'default_planning_request_adapters/ValidateWorkspaceBounds'
[move_group-3] [INFO] [1787887505.277589856] [move_group]: Loaded adapter 'default_planning_request_adapters/ValidateWorkspaceBounds'
[move_group-3] [INFO] [1787887505.277594164] [move_group]: Try loading adapter 'default_planning_request_adapters/CheckStartStateBounds'
[move_group-3] [INFO] [1787887505.277607970] [move_group]: Loaded adapter 'default_planning_request_adapters/CheckStartStateBounds'
[move_group-3] [INFO] [1787887505.277610556] [move_group]: Try loading adapter 'default_planning_request_adapters/CheckStartStateCollision'
[move_group-3] [INFO] [1787887505.277617996] [move_group]: Loaded adapter 'default_planning_request_adapters/CheckStartStateCollision'
[move_group-3] [INFO] [1787887505.278208005] [move_group]: Try loading adapter 'default_planning_response_adapters/AddTimeOptimalParameterization'
[move_group-3] [INFO] [1787887505.279442602] [move_group]: Loaded adapter 'default_planning_response_adapters/AddTimeOptimalParameterization'
[move_group-3] [INFO] [1787887505.279449528] [move_group]: Try loading adapter 'default_planning_response_adapters/ValidateSolution'
[move_group-3] [INFO] [1787887505.280743164] [move_group]: Loaded adapter 'default_planning_response_adapters/ValidateSolution'
[move_group-3] [INFO] [1787887505.280753220] [move_group]: Try loading adapter 'default_planning_response_adapters/DisplayMotionPath'
[move_group-3] [INFO] [1787887505.281053804] [move_group]: Loaded adapter 'default_planning_response_adapters/DisplayMotionPath'
[move_group-3] [WARN] [1787887505.281675567] [move_group.move_group.moveit.ros.trajectory_execution_manager]: Parameter '~moveit_controller_manager' is not specified but only one matching plugin was found: 'moveit_simple_controller_manager/MoveItSimpleControllerManager'. Using that one.
[move_group-3] [WARN] [1787887505.281704545] [rcl.logging_rosout]: Publisher already registered for node name: 'move_group'. If this is due to multiple nodes with the same name then all logs for the logger named 'move_group' will go out over the existing publisher. As soon as any node with that name is destructed it will unregister the publisher, preventing any further logs for that name from being published on the rosout topic.
[move_group-3] [ERROR] [1787887505.286659090] [move_group.move_group.moveit.plugins.simple_controller_manager]: No controller_names specified.
[move_group-3] [INFO] [1787887505.286764166] [move_group.move_group.moveit.plugins.simple_controller_manager]: Returned 0 controllers in list
[move_group-3] [INFO] [1787887505.286773181] [move_group.move_group.moveit.plugins.simple_controller_manager]: Returned 0 controllers in list
[move_group-3] [INFO] [1787887505.286986647] [move_group.move_group.moveit.ros.trajectory_execution_manager]: Trajectory execution is not managing controllers
[move_group-3] [INFO] [1787887505.286996767] [move_group]: MoveGroup debug mode is ON
[move_group-3] [INFO] [1787887505.295010230] [move_group.move_group.moveit.ros.move_group.executable]: 
[move_group-3] 
[move_group-3] ********************************************************
[move_group-3] * MoveGroup using: 
[move_group-3] *     - apply_planning_scene_service
[move_group-3] *     - clear_octomap_service
[move_group-3] *     - get_group_urdf
[move_group-3] *     - load_geometry_from_file
[move_group-3] *     - CartesianPathService
[move_group-3] *     - get_planning_scene_service
[move_group-3] *     - kinematics_service
[move_group-3] *     - move_action
[move_group-3] *     - motion_plan_service
[move_group-3] *     - query_planners_service
[move_group-3] *     - state_validation_service
[move_group-3] *     - save_geometry_to_file
[move_group-3] ********************************************************
[move_group-3] 
[move_group-3] [INFO] [1787887505.295064984] [move_group.move_group.moveit.ros.move_group.context]: MoveGroup context using pipeline ompl
[move_group-3] [INFO] [1787887505.295072161] [move_group.move_group.moveit.ros.move_group.context]: MoveGroup context initialization complete
[move_group-3] [96mLoading 'move_group/ApplyPlanningSceneService'...[0m
[move_group-3] [96mLoading 'move_group/ClearOctomapService'...[0m
[move_group-3] [96mLoading 'move_group/GetUrdfService'...[0m
[move_group-3] [96mLoading 'move_group/LoadGeometryFromFileService'...[0m
[move_group-3] [96mLoading 'move_group/MoveGroupCartesianPathService'...[0m
[move_group-3] [96mLoading 'move_group/MoveGroupGetPlanningSceneService'...[0m
[move_group-3] [96mLoading 'move_group/MoveGroupKinematicsService'...[0m
[move_group-3] [96mLoading 'move_group/MoveGroupMoveAction'...[0m
[move_group-3] [96mLoading 'move_group/MoveGroupPlanService'...[0m
[move_group-3] [96mLoading 'move_group/MoveGroupQueryPlannersService'...[0m
[move_group-3] [96mLoading 'move_group/MoveGroupStateValidationService'...[0m
[move_group-3] [96mLoading 'move_group/SaveGeometryToFileService'...[0m
[move_group-3] 
[move_group-3] [92mYou can start planning now![0m
[move_group-3] 
[joint_state_publisher-2] [INFO] [1787887505.480741087] [joint_state_publisher]: Waiting for robot_description to be published on the robot_description topic...
[joint_state_publisher-2] [INFO] [1787887505.597138972] [joint_state_publisher]: Got description, configuring robot
[INFO] [c3a_sample_provenance-4]: process has finished cleanly [pid 32]
[c3a_plan_probe-5] [INFO] [1787887506.060826214] [c3a_plan_probe]: C3a readiness window seconds=10.0
[move_group-3] [INFO] [1787887506.076595543] [move_group.move_group.moveit.ros.move_group.move_action]: MoveGroupMoveAction: Received request
[move_group-3] [INFO] [1787887506.076823627] [move_group.move_group.moveit.ros.move_group.move_action]: executing..
[move_group-3] [INFO] [1787887506.083828750] [move_group.move_group.moveit.ros.move_group.move_action]: Planning request received for MoveGroup action. Forwarding to planning pipeline.
[move_group-3] [INFO] [1787887506.083856913] [move_group.move_group.moveit.ros.move_group.capability]: Using planning pipeline 'ompl'
[move_group-3] [INFO] [1787887506.084173201] [move_group]: Calling PlanningRequestAdapter 'ResolveConstraintFrames'
[move_group-3] [INFO] [1787887506.084223079] [move_group]: Calling PlanningRequestAdapter 'ValidateWorkspaceBounds'
[move_group-3] [WARN] [1787887506.084232443] [move_group.move_group.moveit.ros.validate_workspace_bounds]: It looks like the planning volume was not specified. Using default values.
[move_group-3] [INFO] [1787887506.084251815] [move_group]: Calling PlanningRequestAdapter 'CheckStartStateBounds'
[move_group-3] [INFO] [1787887506.084308556] [move_group]: Calling PlanningRequestAdapter 'CheckStartStateCollision'
[move_group-3] [INFO] [1787887506.085151006] [move_group.move_group.moveit.planners.ompl.model_based_planning_context]: Planner configuration 'ur_manipulator' will use planner 'geometric::RRTConnect'. Additional configuration parameters will be set when the planner is constructed.
[move_group-3] [INFO] [1787887506.085349734] [move_group]: Calling Planner 'OMPL'
[move_group-3] [INFO] [1787887506.198490633] [move_group]: Calling PlanningResponseAdapter 'AddTimeOptimalParameterization'
[move_group-3] [INFO] [1787887506.199095756] [move_group]: Calling PlanningResponseAdapter 'ValidateSolution'
[move_group-3] [INFO] [1787887506.199635507] [move_group]: Calling PlanningResponseAdapter 'DisplayMotionPath'
[move_group-3] [WARN] [1787887506.199672310] [move_group.move_group.moveit.ros.planning_pipeline]: The planner plugin did not fill out the 'planner_id' field of the MotionPlanResponse. Setting it to the planner ID name of the MotionPlanRequest assuming that the planner plugin does warn you if it does not use the requested planner.
[move_group-3] [INFO] [1787887506.199708688] [move_group.move_group.moveit.ros.move_group.move_action]: Motion plan was computed successfully.
[c3a_plan_probe-5] [INFO] [1787887506.215026450] [c3a_plan_probe]: C3a plan-only evidence written to /tmp/c3a-acceptance-evidence-v6/.harness-run-3.json.pending
[INFO] [c3a_plan_probe-5]: process has finished cleanly [pid 33]
[INFO] [move_group-3]: sending signal 'SIGKILL' to process[move_group-3]
[ERROR] [move_group-3]: process has died [pid 31, exit code -9, cmd '/opt/ros/jazzy/lib/moveit_ros_move_group/move_group --ros-args -r __node:=move_group --params-file /tmp/launch_params_wfu7hlsc --params-file /tmp/launch_params_afis7n4u --params-file /tmp/launch_params__1oirglj --params-file /tmp/launch_params_9_o2jc5d --params-file /tmp/launch_params_9edvx24h --params-file /tmp/launch_params_2gzt2w9c --params-file /tmp/launch_params_wimjfxc6 --params-file /tmp/launch_params_7vz59r_v'].
[INFO] [robot_state_publisher-1]: sending signal 'SIGINT' to process[robot_state_publisher-1]
[INFO] [joint_state_publisher-2]: sending signal 'SIGINT' to process[joint_state_publisher-2]
[robot_state_publisher-1] [INFO] [1787887507.375298064] [rclcpp]: signal_handler(SIGINT/SIGTERM)
[INFO] [robot_state_publisher-1]: process has finished cleanly [pid 29]
[INFO] [joint_state_publisher-2]: process has finished cleanly [pid 30]
[INFO] [launch]: process[joint_state_publisher-2] was required: shutting down launched system
